2024.03.30 16:41:10.152158 | INFO | Main | MainInit | Program başlatılıyor.
2024.03.30 16:41:10.153157 | INFO | Main | MainStarted | Program başlatıldı.
2024.03.30 16:41:10.154157 | INFO | Main | SelectedMining | Mining seçildi.
2024.03.30 16:41:10.154157 | INFO | Miner | CreatedMiner | Yeni Miner oluşturuldu.
2024.03.30 16:41:10.155157 | INFO | Miner | MinerDidSetID | Miner'e ID:0 verildi.
2024.03.30 16:41:10.155157 | INFO | Miner | MinerInitializing | Miner(0) | Başlatılıyor.
2024.03.30 16:41:10.155157 | INFO | Miner | MinerStarted | Miner(0) | Başlatıldı.
2024.03.30 16:41:12.367000 | INFO | Miner | MinerCheckedTables | Miner(0) | Tabloları kontrol etti.
2024.03.30 16:41:12.367929 | INFO | Browser | BrowserOpen | Miner(0) | Tarayıcı açılıyor.
2024.03.30 16:41:12.987287 | INFO | Miner | TrendyolScanningPage | Miner(0) | Trendyol sayfası taranıyor URL: https://www.trendyol.com/ 
2024.03.30 16:41:19.674055 | ERROR | Database | AddingSomeVisitedLink | Miner(0) | Aynı link eklemeye çalışıldı: https://www.trendyol.com/
2024.03.30 16:41:19.769793 | INFO | Database | UrlCounted | Miner(0) | Kalan url sayısı: 39642
2024.03.30 16:41:19.975829 | INFO | Miner | GetRandomURL | Miner(0) | URL: /timberland/kadinlar-icin-greenstride-motion-6-yuruyuscu-p-758173574
2024.03.30 16:41:19.976812 | INFO | Miner | TrendyolScanningPage | Miner(0) | Trendyol sayfası taranıyor URL: https://www.trendyol.com//timberland/kadinlar-icin-greenstride-motion-6-yuruyuscu-p-758173574 
2024.03.30 16:41:26.017315 | INFO | Database | UrlCounted | Miner(0) | Kalan url sayısı: 39676
2024.03.30 16:41:26.238856 | INFO | Miner | GetRandomURL | Miner(0) | URL: /metalia/gm-070-a-novado-siyah-kulplu-ayakli-gardirop-p-802230709
2024.03.30 16:41:26.239856 | INFO | Miner | TrendyolScanningPage | Miner(0) | Trendyol sayfası taranıyor URL: https://www.trendyol.com//metalia/gm-070-a-novado-siyah-kulplu-ayakli-gardirop-p-802230709 
2024.03.30 16:41:33.429927 | INFO | Database | UrlCounted | Miner(0) | Kalan url sayısı: 39712
2024.03.30 16:41:33.647047 | INFO | Miner | GetRandomURL | Miner(0) | URL: /karaca/biogranit-rose-7-parca-tencere-seti-p-38562019
2024.03.30 16:41:33.648095 | INFO | Miner | TrendyolScanningPage | Miner(0) | Trendyol sayfası taranıyor URL: https://www.trendyol.com//karaca/biogranit-rose-7-parca-tencere-seti-p-38562019 
2024.03.30 16:41:54.690234 | INFO | Database | UrlCounted | Miner(0) | Kalan url sayısı: 39759
2024.03.30 16:41:55.061391 | INFO | Miner | GetRandomURL | Miner(0) | URL: /president/president-cheddar-peyniri-220-gr-p-41113199
2024.03.30 16:41:55.062410 | INFO | Miner | TrendyolScanningPage | Miner(0) | Trendyol sayfası taranıyor URL: https://www.trendyol.com//president/president-cheddar-peyniri-220-gr-p-41113199 
2024.03.30 16:42:04.282187 | INFO | Database | UrlCounted | Miner(0) | Kalan url sayısı: 39822
2024.03.30 16:42:04.898953 | INFO | Miner | GetRandomURL | Miner(0) | URL: /inegolmobilyasi/madrid-krem-aytasi-yatak-odasi-takimi-p-739844024
2024.03.30 16:42:04.899965 | INFO | Miner | TrendyolScanningPage | Miner(0) | Trendyol sayfası taranıyor URL: https://www.trendyol.com//inegolmobilyasi/madrid-krem-aytasi-yatak-odasi-takimi-p-739844024 
2024.03.30 16:42:12.664862 | INFO | Database | UrlCounted | Miner(0) | Kalan url sayısı: 39857
2024.03.30 16:42:12.880379 | INFO | Miner | GetRandomURL | Miner(0) | URL: /coffee-project/filtre-kahve-filter-coffee-feel-it-250-gr-p-650140608
2024.03.30 16:42:12.880379 | INFO | Miner | TrendyolScanningPage | Miner(0) | Trendyol sayfası taranıyor URL: https://www.trendyol.com//coffee-project/filtre-kahve-filter-coffee-feel-it-250-gr-p-650140608 
2024.03.30 16:42:21.812686 | INFO | Database | UrlCounted | Miner(0) | Kalan url sayısı: 39943
2024.03.30 16:42:22.204650 | INFO | Miner | GetRandomURL | Miner(0) | URL: /lenovo/ideapad-gaming-3-15ihu6-82k101hxtx-i5-16gb-512gb-ssd-rtx3050ti-4gb-120hz-gaming-laptop-p-770723300
2024.03.30 16:42:22.205597 | INFO | Miner | TrendyolScanningPage | Miner(0) | Trendyol sayfası taranıyor URL: https://www.trendyol.com//lenovo/ideapad-gaming-3-15ihu6-82k101hxtx-i5-16gb-512gb-ssd-rtx3050ti-4gb-120hz-gaming-laptop-p-770723300 
2024.03.30 16:42:27.549385 | INFO | Database | UrlCounted | Miner(0) | Kalan url sayısı: 39959
2024.03.30 16:42:27.910626 | INFO | Miner | GetRandomURL | Miner(0) | URL: /hershey-s-cikolata-x-b156766-c103950
2024.03.30 16:42:27.911666 | INFO | Miner | TrendyolScanningPage | Miner(0) | Trendyol sayfası taranıyor URL: https://www.trendyol.com//hershey-s-cikolata-x-b156766-c103950 
2024.03.30 16:42:31.821100 | INFO | Database | UrlCounted | Miner(0) | Kalan url sayısı: 39959
2024.03.30 16:42:32.080192 | INFO | Miner | GetRandomURL | Miner(0) | URL: /bk-gift-cocuk-puzzle-ve-yapboz-x-b164403-c103917
2024.03.30 16:42:32.081185 | INFO | Miner | TrendyolScanningPage | Miner(0) | Trendyol sayfası taranıyor URL: https://www.trendyol.com//bk-gift-cocuk-puzzle-ve-yapboz-x-b164403-c103917 
2024.03.30 16:42:37.802341 | INFO | Database | UrlCounted | Miner(0) | Kalan url sayısı: 40007
2024.03.30 16:42:38.139716 | INFO | Miner | GetRandomURL | Miner(0) | URL: /dis-fircasi-kabi-y-s10881
2024.03.30 16:42:38.139716 | INFO | Miner | TrendyolScanningPage | Miner(0) | Trendyol sayfası taranıyor URL: https://www.trendyol.com//dis-fircasi-kabi-y-s10881 
2024.03.30 16:42:42.861680 | INFO | Database | UrlCounted | Miner(0) | Kalan url sayısı: 40019
2024.03.30 16:42:43.240234 | INFO | Miner | GetRandomURL | Miner(0) | URL: /makyaj-temizleme-suyu-y-s6147
2024.03.30 16:42:43.241238 | INFO | Miner | TrendyolScanningPage | Miner(0) | Trendyol sayfası taranıyor URL: https://www.trendyol.com//makyaj-temizleme-suyu-y-s6147 
2024.03.30 16:42:48.784784 | INFO | Database | UrlCounted | Miner(0) | Kalan url sayısı: 40076
2024.03.30 16:42:49.149502 | INFO | Miner | GetRandomURL | Miner(0) | URL: /colgate-dis-ipi-x-b667-c104021
2024.03.30 16:42:49.149502 | INFO | Miner | TrendyolScanningPage | Miner(0) | Trendyol sayfası taranıyor URL: https://www.trendyol.com//colgate-dis-ipi-x-b667-c104021 
2024.03.30 16:42:53.244212 | INFO | Database | UrlCounted | Miner(0) | Kalan url sayısı: 40116
2024.03.30 16:42:53.727863 | INFO | Miner | GetRandomURL | Miner(0) | URL: /le-petit-marseillais/vanilya-sutu-400-ml-listerine-cool-mint-250-ml-hijyen-seti-p-780707263
2024.03.30 16:42:53.727863 | INFO | Miner | TrendyolScanningPage | Miner(0) | Trendyol sayfası taranıyor URL: https://www.trendyol.com//le-petit-marseillais/vanilya-sutu-400-ml-listerine-cool-mint-250-ml-hijyen-seti-p-780707263 
2024.03.30 16:43:04.138692 | INFO | Database | UrlCounted | Miner(0) | Kalan url sayısı: 40154
2024.03.30 16:43:04.535823 | INFO | Miner | GetRandomURL | Miner(0) | URL: /meyve-kurusu-x-c144189
2024.03.30 16:43:04.537333 | INFO | Miner | TrendyolScanningPage | Miner(0) | Trendyol sayfası taranıyor URL: https://www.trendyol.com//meyve-kurusu-x-c144189 
2024.03.30 16:43:20.326974 | INFO | Database | UrlCounted | Miner(0) | Kalan url sayısı: 40260
2024.03.30 16:43:20.560355 | INFO | Miner | GetRandomURL | Miner(0) | URL: /cimrikese/cift-genis-askili-ergonomik-2-askili-cok-amacli-bez-dolap-gri-renk-p-670884091
2024.03.30 16:43:20.561354 | INFO | Miner | TrendyolScanningPage | Miner(0) | Trendyol sayfası taranıyor URL: https://www.trendyol.com//cimrikese/cift-genis-askili-ergonomik-2-askili-cok-amacli-bez-dolap-gri-renk-p-670884091 
2024.03.30 16:43:26.069487 | INFO | Database | UrlCounted | Miner(0) | Kalan url sayısı: 40298
2024.03.30 16:43:26.278624 | INFO | Miner | GetRandomURL | Miner(0) | URL: /vicks/comforting-vapors-rahat-nefes-p-35033275
2024.03.30 16:43:26.279631 | INFO | Miner | TrendyolScanningPage | Miner(0) | Trendyol sayfası taranıyor URL: https://www.trendyol.com//vicks/comforting-vapors-rahat-nefes-p-35033275 
2024.03.30 16:43:33.538499 | INFO | Database | UrlCounted | Miner(0) | Kalan url sayısı: 40313
2024.03.30 16:43:33.735733 | INFO | Miner | GetRandomURL | Miner(0) | URL: /dreamworkstone/mermer-banyo-seti-p-757397195
2024.03.30 16:43:33.737247 | INFO | Miner | TrendyolScanningPage | Miner(0) | Trendyol sayfası taranıyor URL: https://www.trendyol.com//dreamworkstone/mermer-banyo-seti-p-757397195 
2024.03.30 16:43:40.216492 | INFO | Database | UrlCounted | Miner(0) | Kalan url sayısı: 40366
2024.03.30 16:43:40.577384 | INFO | Miner | GetRandomURL | Miner(0) | URL: /halitosil-agiz-calkalama-suyu-x-b146707-c105497
2024.03.30 16:43:40.578839 | INFO | Miner | TrendyolScanningPage | Miner(0) | Trendyol sayfası taranıyor URL: https://www.trendyol.com//halitosil-agiz-calkalama-suyu-x-b146707-c105497 
2024.03.30 16:43:45.440846 | INFO | Database | UrlCounted | Miner(0) | Kalan url sayısı: 40397
2024.03.30 16:43:45.935064 | INFO | Miner | GetRandomURL | Miner(0) | URL: /crybrands/unisex-corner-siyah-krampon-hali-saha-spor-ayakkabi-futbol-ayakkabisi-p-812872104
2024.03.30 16:43:45.935064 | INFO | Miner | TrendyolScanningPage | Miner(0) | Trendyol sayfası taranıyor URL: https://www.trendyol.com//crybrands/unisex-corner-siyah-krampon-hali-saha-spor-ayakkabi-futbol-ayakkabisi-p-812872104 
2024.03.30 16:43:51.851094 | INFO | Database | UrlCounted | Miner(0) | Kalan url sayısı: 40427
2024.03.30 16:43:52.067042 | INFO | Miner | GetRandomURL | Miner(0) | URL: /lisinya/xiaomi-bebird-r1-akilli-goruntulu-kulak-temizleyici-4172-p-814952709
2024.03.30 16:43:52.068054 | INFO | Miner | TrendyolScanningPage | Miner(0) | Trendyol sayfası taranıyor URL: https://www.trendyol.com//lisinya/xiaomi-bebird-r1-akilli-goruntulu-kulak-temizleyici-4172-p-814952709 
2024.03.30 16:43:59.660486 | INFO | Database | UrlCounted | Miner(0) | Kalan url sayısı: 40475
2024.03.30 16:43:59.871953 | INFO | Miner | GetRandomURL | Miner(0) | URL: /roborock/q7-max-robot-supurge-uyumlu-7-li-yedek-parca-seti-p-654854793
2024.03.30 16:43:59.872971 | INFO | Miner | TrendyolScanningPage | Miner(0) | Trendyol sayfası taranıyor URL: https://www.trendyol.com//roborock/q7-max-robot-supurge-uyumlu-7-li-yedek-parca-seti-p-654854793 
2024.03.30 16:44:07.612733 | INFO | Database | UrlCounted | Miner(0) | Kalan url sayısı: 40491
2024.03.30 16:44:07.939273 | INFO | Miner | GetRandomURL | Miner(0) | URL: /rivaldi/kadin-metalik-ayakkabi-p-67168111
2024.03.30 16:44:07.940272 | INFO | Miner | TrendyolScanningPage | Miner(0) | Trendyol sayfası taranıyor URL: https://www.trendyol.com//rivaldi/kadin-metalik-ayakkabi-p-67168111 
2024.03.30 16:44:13.957218 | INFO | Database | UrlCounted | Miner(0) | Kalan url sayısı: 40526
2024.03.30 16:44:14.451205 | INFO | Miner | GetRandomURL | Miner(0) | URL: /lisinya/apple-watch-45mm-spor-delikli-kordon-urun-rengi-siyah-koyu-pembe-lisinya-p-783302112
2024.03.30 16:44:14.452205 | INFO | Miner | TrendyolScanningPage | Miner(0) | Trendyol sayfası taranıyor URL: https://www.trendyol.com//lisinya/apple-watch-45mm-spor-delikli-kordon-urun-rengi-siyah-koyu-pembe-lisinya-p-783302112 
2024.03.30 16:44:18.805267 | INFO | Database | UrlCounted | Miner(0) | Kalan url sayısı: 40549
2024.03.30 16:44:19.030458 | INFO | Miner | GetRandomURL | Miner(0) | URL: /eglo/vintage-e14-ampul-4lu-paket-p-48071660
2024.03.30 16:44:19.030458 | INFO | Miner | TrendyolScanningPage | Miner(0) | Trendyol sayfası taranıyor URL: https://www.trendyol.com//eglo/vintage-e14-ampul-4lu-paket-p-48071660 
2024.03.30 16:44:23.290618 | INFO | Database | UrlCounted | Miner(0) | Kalan url sayısı: 40572
2024.03.30 16:44:23.645972 | INFO | Miner | GetRandomURL | Miner(0) | URL: /bcaa-glutamine-y-s11420
2024.03.30 16:44:23.647542 | INFO | Miner | TrendyolScanningPage | Miner(0) | Trendyol sayfası taranıyor URL: https://www.trendyol.com//bcaa-glutamine-y-s11420 
2024.03.30 16:44:29.684642 | INFO | Database | UrlCounted | Miner(0) | Kalan url sayısı: 40601
2024.03.30 16:44:29.916735 | INFO | Miner | GetRandomURL | Miner(0) | URL: /ayaqqabi-y-s37591
2024.03.30 16:44:29.917660 | INFO | Miner | TrendyolScanningPage | Miner(0) | Trendyol sayfası taranıyor URL: https://www.trendyol.com//ayaqqabi-y-s37591 
2024.03.30 16:44:35.614433 | ERROR | Database | AddNotVisitedLinksIntegrityError | Miner(0) | Ziyaret edilmeyen siteler eklenemedi: Traceback (most recent call last):
  File "C:\Users\yusuf\AppData\Local\Programs\Python\Python311\Lib\site-packages\mysql\connector\connection_cext.py", line 661, in cmd_query
    self._cmysql.query(
_mysql_connector.MySQLInterfaceError: Duplicate entry '/bambu-corap-y-s3574' for key 'url'

The above exception was the direct cause of the following exception:

Traceback (most recent call last):
  File "C:\Users\yusuf\OneDrive\Belgeler\GitHub\TrendyolMap\miner.py", line 239, in AddNotVisitedLinks
    self.Database.ExecuteMany(addUrlQuey,[(url,) for url in newUrls])
  File "C:\Users\yusuf\OneDrive\Belgeler\GitHub\TrendyolMap\database.py", line 105, in ExecuteMany
    raise e
  File "C:\Users\yusuf\OneDrive\Belgeler\GitHub\TrendyolMap\database.py", line 93, in ExecuteMany
    self.cursor.executemany(cmd,*args,**kargs)
  File "C:\Users\yusuf\AppData\Local\Programs\Python\Python311\Lib\site-packages\mysql\connector\cursor_cext.py", line 501, in executemany
    return self.execute(stmt)
           ^^^^^^^^^^^^^^^^^^
  File "C:\Users\yusuf\AppData\Local\Programs\Python\Python311\Lib\site-packages\mysql\connector\cursor_cext.py", line 374, in execute
    result = self._cnx.cmd_query(
             ^^^^^^^^^^^^^^^^^^^^
  File "C:\Users\yusuf\AppData\Local\Programs\Python\Python311\Lib\site-packages\mysql\connector\opentelemetry\context_propagation.py", line 74, in wrapper
    return method(cnx, *args, **kwargs)
           ^^^^^^^^^^^^^^^^^^^^^^^^^^^^
  File "C:\Users\yusuf\AppData\Local\Programs\Python\Python311\Lib\site-packages\mysql\connector\connection_cext.py", line 669, in cmd_query
    raise get_mysql_exception(
mysql.connector.errors.IntegrityError: 1062 (23000): Duplicate entry '/bambu-corap-y-s3574' for key 'url'

2024.03.30 16:44:36.243437 | INFO | Database | UrlCounted | Miner(0) | Kalan url sayısı: 40653
2024.03.30 16:44:36.463823 | INFO | Miner | GetRandomURL | Miner(0) | URL: /ozunlu-tuhafiye/glamour-extra-kumas-yapistiricisi-p-79435179
2024.03.30 16:44:36.465735 | INFO | Miner | TrendyolScanningPage | Miner(0) | Trendyol sayfası taranıyor URL: https://www.trendyol.com//ozunlu-tuhafiye/glamour-extra-kumas-yapistiricisi-p-79435179 
2024.03.30 16:44:43.356508 | INFO | Database | UrlCounted | Miner(0) | Kalan url sayısı: 40667
2024.03.30 16:44:43.584326 | INFO | Miner | GetRandomURL | Miner(0) | URL: /colin-s/regular-fit-bisiklet-yaka-yazi-baskili-kahverengi-kadin-sweatshirt-p-761738655
2024.03.30 16:44:43.585318 | INFO | Miner | TrendyolScanningPage | Miner(0) | Trendyol sayfası taranıyor URL: https://www.trendyol.com//colin-s/regular-fit-bisiklet-yaka-yazi-baskili-kahverengi-kadin-sweatshirt-p-761738655 
2024.03.30 16:44:49.505982 | INFO | Database | UrlCounted | Miner(0) | Kalan url sayısı: 40715
2024.03.30 16:44:49.926193 | INFO | Miner | GetRandomURL | Miner(0) | URL: /pro-vet/mobility-eklem-sagligi-destekleyici-veteriner-kopek-mamasi-2-5-kg-p-714375082
2024.03.30 16:44:49.926193 | INFO | Miner | TrendyolScanningPage | Miner(0) | Trendyol sayfası taranıyor URL: https://www.trendyol.com//pro-vet/mobility-eklem-sagligi-destekleyici-veteriner-kopek-mamasi-2-5-kg-p-714375082 
2024.03.30 16:44:55.766890 | INFO | Database | UrlCounted | Miner(0) | Kalan url sayısı: 40802
2024.03.30 16:44:55.977591 | INFO | Miner | GetRandomURL | Miner(0) | URL: /bebek-arabasi-x-c103126
2024.03.30 16:44:55.977591 | INFO | Miner | TrendyolScanningPage | Miner(0) | Trendyol sayfası taranıyor URL: https://www.trendyol.com//bebek-arabasi-x-c103126 
2024.03.30 16:45:00.979669 | INFO | Database | UrlCounted | Miner(0) | Kalan url sayısı: 40844
2024.03.30 16:45:01.202285 | INFO | Miner | GetRandomURL | Miner(0) | URL: /jestival/5-renk-aromali-pamuk-seker-hazir-karisim-p-144498896
2024.03.30 16:45:01.203193 | INFO | Miner | TrendyolScanningPage | Miner(0) | Trendyol sayfası taranıyor URL: https://www.trendyol.com//jestival/5-renk-aromali-pamuk-seker-hazir-karisim-p-144498896 
2024.03.30 16:45:06.861487 | INFO | Database | UrlCounted | Miner(0) | Kalan url sayısı: 40876
2024.03.30 16:45:07.105255 | INFO | Miner | GetRandomURL | Miner(0) | URL: /divarese-ayakkabi-x-b804-c114
2024.03.30 16:45:07.105255 | INFO | Miner | TrendyolScanningPage | Miner(0) | Trendyol sayfası taranıyor URL: https://www.trendyol.com//divarese-ayakkabi-x-b804-c114 
2024.03.30 16:45:11.478552 | INFO | Database | UrlCounted | Miner(0) | Kalan url sayısı: 40925
2024.03.30 16:45:11.825160 | INFO | Miner | GetRandomURL | Miner(0) | URL: /l-oreal-paris/infaillible-matte-resistance-likit-mat-ruj-120-major-crush-p-751940429
2024.03.30 16:45:11.827290 | INFO | Miner | TrendyolScanningPage | Miner(0) | Trendyol sayfası taranıyor URL: https://www.trendyol.com//l-oreal-paris/infaillible-matte-resistance-likit-mat-ruj-120-major-crush-p-751940429 
2024.03.30 16:45:28.203510 | INFO | Database | UrlCounted | Miner(0) | Kalan url sayısı: 40953
2024.03.30 16:45:28.427068 | INFO | Miner | GetRandomURL | Miner(0) | URL: /flo/wade-hi-f-3pr-siyah-erkek-cocuk-high-sneaker-p-766174608
2024.03.30 16:45:28.428074 | INFO | Miner | TrendyolScanningPage | Miner(0) | Trendyol sayfası taranıyor URL: https://www.trendyol.com//flo/wade-hi-f-3pr-siyah-erkek-cocuk-high-sneaker-p-766174608 
2024.03.30 16:45:36.928563 | INFO | Database | UrlCounted | Miner(0) | Kalan url sayısı: 40987
2024.03.30 16:45:37.442959 | INFO | Miner | GetRandomURL | Miner(0) | URL: /modexl-erkek-buyuk-beden-hirka-x-b111089-g2-c108865
2024.03.30 16:45:37.444969 | INFO | Miner | TrendyolScanningPage | Miner(0) | Trendyol sayfası taranıyor URL: https://www.trendyol.com//modexl-erkek-buyuk-beden-hirka-x-b111089-g2-c108865 
2024.03.30 16:45:42.850013 | INFO | Database | UrlCounted | Miner(0) | Kalan url sayısı: 41028
2024.03.30 16:45:43.216579 | INFO | Miner | GetRandomURL | Miner(0) | URL: /24-ayar-gram-altin-y-s3306
2024.03.30 16:45:43.218095 | INFO | Miner | TrendyolScanningPage | Miner(0) | Trendyol sayfası taranıyor URL: https://www.trendyol.com//24-ayar-gram-altin-y-s3306 
2024.03.30 16:45:48.708390 | INFO | Database | UrlCounted | Miner(0) | Kalan url sayısı: 41064
2024.03.30 16:45:49.055468 | INFO | Miner | GetRandomURL | Miner(0) | URL: /herbalife/multi-fiber-lifli-ve-elma-aromali-icecek-tozu-p-119190988
2024.03.30 16:45:49.056468 | INFO | Miner | TrendyolScanningPage | Miner(0) | Trendyol sayfası taranıyor URL: https://www.trendyol.com//herbalife/multi-fiber-lifli-ve-elma-aromali-icecek-tozu-p-119190988 
2024.03.30 16:45:56.558959 | INFO | Database | UrlCounted | Miner(0) | Kalan url sayısı: 41090
2024.03.30 16:45:56.790670 | INFO | Miner | GetRandomURL | Miner(0) | URL: /bluetooth-kulaklik-x-c108626
2024.03.30 16:45:56.791653 | INFO | Miner | TrendyolScanningPage | Miner(0) | Trendyol sayfası taranıyor URL: https://www.trendyol.com//bluetooth-kulaklik-x-c108626 
2024.03.30 16:46:02.300036 | INFO | Database | UrlCounted | Miner(0) | Kalan url sayısı: 41095
2024.03.30 16:46:02.551954 | INFO | Miner | GetRandomURL | Miner(0) | URL: /nicoletta-kulot-x-b108975-c1105
2024.03.30 16:46:02.552914 | INFO | Miner | TrendyolScanningPage | Miner(0) | Trendyol sayfası taranıyor URL: https://www.trendyol.com//nicoletta-kulot-x-b108975-c1105 
2024.03.30 16:46:08.333769 | INFO | Database | UrlCounted | Miner(0) | Kalan url sayısı: 41116
2024.03.30 16:46:08.560195 | INFO | Miner | GetRandomURL | Miner(0) | URL: /dark-forest-erkek-buyuk-beden-kaban-x-b155652-g2-c108863
2024.03.30 16:46:08.561195 | INFO | Miner | TrendyolScanningPage | Miner(0) | Trendyol sayfası taranıyor URL: https://www.trendyol.com//dark-forest-erkek-buyuk-beden-kaban-x-b155652-g2-c108863 
2024.03.30 16:46:13.968693 | INFO | Database | UrlCounted | Miner(0) | Kalan url sayısı: 41132
2024.03.30 16:46:14.213926 | INFO | Miner | GetRandomURL | Miner(0) | URL: /philips/hue-go-v2-bluetooth-ozellikli-p-37663591
2024.03.30 16:46:14.215916 | INFO | Miner | TrendyolScanningPage | Miner(0) | Trendyol sayfası taranıyor URL: https://www.trendyol.com//philips/hue-go-v2-bluetooth-ozellikli-p-37663591 
2024.03.30 16:46:26.015554 | INFO | Database | UrlCounted | Miner(0) | Kalan url sayısı: 41193
2024.03.30 16:46:26.408200 | INFO | Miner | GetRandomURL | Miner(0) | URL: /lenovo/ideapad-gaming-3-amd-ryzen-5-6600h-16gb-512gb-ssd-rtx3050-freedos-16-82sc0098txa17-p-812460109
2024.03.30 16:46:26.410186 | INFO | Miner | TrendyolScanningPage | Miner(0) | Trendyol sayfası taranıyor URL: https://www.trendyol.com//lenovo/ideapad-gaming-3-amd-ryzen-5-6600h-16gb-512gb-ssd-rtx3050-freedos-16-82sc0098txa17-p-812460109 
2024.03.30 16:46:31.847943 | ERROR | Browser | BrowserGetDataJsonError | Miner(0) | Bilinmeyen hata: 
Traceback (most recent call last):
  File "C:\Users\yusuf\OneDrive\Belgeler\GitHub\TrendyolMap\miner.py", line 221, in GetDataJson
    content = content[len("window.__PRODUCT_DETAIL_APP_INITIAL_STATE__="):content.index(";window.TYPageName")]
                                                                          ^^^^^^^^^^^^^^^^^^^^^^^^^^^^^^^^^^^
ValueError: substring not found

2024.03.30 16:46:32.518131 | INFO | Database | UrlCounted | Miner(0) | Kalan url sayısı: 41205
2024.03.30 16:46:32.855664 | INFO | Miner | GetRandomURL | Miner(0) | URL: /gazelmanya/boks-kickbox-muay-thai-sanda-el-bandaji-3-5-metre-x-2-adet-cift-boks-bandaji-sargi-bandaj-p-271922636
2024.03.30 16:46:32.857179 | INFO | Miner | TrendyolScanningPage | Miner(0) | Trendyol sayfası taranıyor URL: https://www.trendyol.com//gazelmanya/boks-kickbox-muay-thai-sanda-el-bandaji-3-5-metre-x-2-adet-cift-boks-bandaji-sargi-bandaj-p-271922636 
2024.03.30 16:46:38.797464 | INFO | Database | UrlCounted | Miner(0) | Kalan url sayısı: 41221
2024.03.30 16:46:39.113768 | INFO | Miner | GetRandomURL | Miner(0) | URL: /adl/yuvarlak-yaka-cizgili-bluz-p-734490895
2024.03.30 16:46:39.117556 | INFO | Miner | TrendyolScanningPage | Miner(0) | Trendyol sayfası taranıyor URL: https://www.trendyol.com//adl/yuvarlak-yaka-cizgili-bluz-p-734490895 
2024.03.30 16:46:46.364206 | INFO | Database | UrlCounted | Miner(0) | Kalan url sayısı: 41263
2024.03.30 16:46:46.726119 | INFO | Miner | GetRandomURL | Miner(0) | URL: /reliance/10-litre-yemek-tasima-termos-termal-beslenme-sogutucu-piknik-cantasi-p-266873886
2024.03.30 16:46:46.727962 | INFO | Miner | TrendyolScanningPage | Miner(0) | Trendyol sayfası taranıyor URL: https://www.trendyol.com//reliance/10-litre-yemek-tasima-termos-termal-beslenme-sogutucu-piknik-cantasi-p-266873886 
2024.03.30 16:46:53.413261 | INFO | Database | UrlCounted | Miner(0) | Kalan url sayısı: 41280
2024.03.30 16:46:53.635566 | INFO | Miner | GetRandomURL | Miner(0) | URL: /turuncu-kuruyemis/turuncu-tarzan-kabak-cekirdegi-5-kg-p-777107686
2024.03.30 16:46:53.636583 | INFO | Miner | TrendyolScanningPage | Miner(0) | Trendyol sayfası taranıyor URL: https://www.trendyol.com//turuncu-kuruyemis/turuncu-tarzan-kabak-cekirdegi-5-kg-p-777107686 
2024.03.30 16:47:00.076061 | INFO | Database | UrlCounted | Miner(0) | Kalan url sayısı: 41305
2024.03.30 16:47:00.303540 | INFO | Miner | GetRandomURL | Miner(0) | URL: /kokulu-sabun-y-s7573
2024.03.30 16:47:00.304538 | INFO | Miner | TrendyolScanningPage | Miner(0) | Trendyol sayfası taranıyor URL: https://www.trendyol.com//kokulu-sabun-y-s7573 
2024.03.30 16:47:06.895632 | INFO | Database | UrlCounted | Miner(0) | Kalan url sayısı: 41358
2024.03.30 16:47:07.302115 | INFO | Miner | GetRandomURL | Miner(0) | URL: /fafatara/mor-cicekli-yunlu-su-gecirmez-cizme-kar-yagmur-cizmesi-p-65368432
2024.03.30 16:47:07.302623 | INFO | Miner | TrendyolScanningPage | Miner(0) | Trendyol sayfası taranıyor URL: https://www.trendyol.com//fafatara/mor-cicekli-yunlu-su-gecirmez-cizme-kar-yagmur-cizmesi-p-65368432 
2024.03.30 16:47:13.736570 | INFO | Database | UrlCounted | Miner(0) | Kalan url sayısı: 41373
2024.03.30 16:47:14.029027 | INFO | Miner | GetRandomURL | Miner(0) | URL: /burun-kili-alma-makinesi-y-s3753
2024.03.30 16:47:14.030553 | INFO | Miner | TrendyolScanningPage | Miner(0) | Trendyol sayfası taranıyor URL: https://www.trendyol.com//burun-kili-alma-makinesi-y-s3753 
2024.03.30 16:47:19.576488 | INFO | Database | UrlCounted | Miner(0) | Kalan url sayısı: 41421
2024.03.30 16:47:19.835918 | INFO | Miner | GetRandomURL | Miner(0) | URL: /goldmine/unisex-yazlik-katlanabilir-safari-fotr-sapka-p-743003296
2024.03.30 16:47:19.835918 | INFO | Miner | TrendyolScanningPage | Miner(0) | Trendyol sayfası taranıyor URL: https://www.trendyol.com//goldmine/unisex-yazlik-katlanabilir-safari-fotr-sapka-p-743003296 
2024.03.30 16:47:27.333018 | INFO | Database | UrlCounted | Miner(0) | Kalan url sayısı: 41443
2024.03.30 16:47:27.732887 | INFO | Miner | GetRandomURL | Miner(0) | URL: /endustriyel-bardak-yikama-makinesi-y-s34188
2024.03.30 16:47:27.733891 | INFO | Miner | TrendyolScanningPage | Miner(0) | Trendyol sayfası taranıyor URL: https://www.trendyol.com//endustriyel-bardak-yikama-makinesi-y-s34188 
2024.03.30 16:47:32.640722 | INFO | Database | UrlCounted | Miner(0) | Kalan url sayısı: 41488
2024.03.30 16:47:32.881635 | INFO | Miner | GetRandomURL | Miner(0) | URL: /dior-x-b452
2024.03.30 16:47:32.883621 | INFO | Miner | TrendyolScanningPage | Miner(0) | Trendyol sayfası taranıyor URL: https://www.trendyol.com//dior-x-b452 
2024.03.30 16:47:37.886227 | INFO | Database | UrlCounted | Miner(0) | Kalan url sayısı: 41531
2024.03.30 16:47:38.140537 | INFO | Miner | GetRandomURL | Miner(0) | URL: /muzik-hediyeleri-y-s30150
2024.03.30 16:47:38.141534 | INFO | Miner | TrendyolScanningPage | Miner(0) | Trendyol sayfası taranıyor URL: https://www.trendyol.com//muzik-hediyeleri-y-s30150 
2024.03.30 16:47:42.978848 | INFO | Database | UrlCounted | Miner(0) | Kalan url sayısı: 41586
2024.03.30 16:47:43.227881 | INFO | Miner | GetRandomURL | Miner(0) | URL: /maximoda/yuksek-tabanli-damatlik-ve-takim-elbiseye-uygun-rugan-ve-mat-siyah-klasik-erkek-ayakkabi-p-806229380
2024.03.30 16:47:43.229731 | INFO | Miner | TrendyolScanningPage | Miner(0) | Trendyol sayfası taranıyor URL: https://www.trendyol.com//maximoda/yuksek-tabanli-damatlik-ve-takim-elbiseye-uygun-rugan-ve-mat-siyah-klasik-erkek-ayakkabi-p-806229380 
