2024.04.01 19:18:26.091768 | INFO | Database | UrlCounted | Miner(0) | Kalan url sayısı: 66221
2024.04.01 19:18:26.322891 | INFO | Miner | TrendyolScanningPage | Miner(0) | Trendyol sayfası taranıyor URL: https://www.trendyol.com//bez-bant-y-s15659 
2024.04.01 19:18:30.323069 | INFO | Database | UrlCounted | Miner(0) | Kalan url sayısı: 66300
2024.04.01 19:18:30.553541 | INFO | Miner | TrendyolScanningPage | Miner(0) | Trendyol sayfası taranıyor URL: https://www.trendyol.com//superman-kostumu-y-s12683 
2024.04.01 19:18:34.416385 | INFO | Database | UrlCounted | Miner(0) | Kalan url sayısı: 66356
2024.04.01 19:18:34.644799 | INFO | Miner | TrendyolScanningPage | Miner(0) | Trendyol sayfası taranıyor URL: https://www.trendyol.com//keepro/5-5-mm-2-5-mm-3-0-mm-1-0-mm-cevirici-5-5-mm-2-5-mm-3-0-mm-1-1-mm-cevirici-p-800372181 
2024.04.01 19:18:38.520637 | INFO | Database | UrlCounted | Miner(0) | Kalan url sayısı: 66392
2024.04.01 19:18:38.754952 | INFO | Miner | TrendyolScanningPage | Miner(0) | Trendyol sayfası taranıyor URL: https://www.trendyol.com//ev-tipi-overlok-makinesi-y-s4050 
2024.04.01 19:18:43.020485 | INFO | Database | UrlCounted | Miner(0) | Kalan url sayısı: 66441
2024.04.01 19:18:43.252333 | INFO | Miner | TrendyolScanningPage | Miner(0) | Trendyol sayfası taranıyor URL: https://www.trendyol.com//aslan-online/cift-en-150-cm-elbise-etek-gomlek-ve-kimono-dikimine-uygun-desenli-pamuklu-viskon-turuncu-p-796912784 
2024.04.01 19:18:48.018684 | INFO | Database | UrlCounted | Miner(0) | Kalan url sayısı: 66498
2024.04.01 19:18:48.256243 | INFO | Miner | TrendyolScanningPage | Miner(0) | Trendyol sayfası taranıyor URL: https://www.trendyol.com//genel-markalar/dekoratif-motosiklet-metal-levha-p-776531153 
2024.04.01 19:18:55.119188 | INFO | Database | UrlCounted | Miner(0) | Kalan url sayısı: 66568
2024.04.01 19:18:55.353544 | INFO | Miner | TrendyolScanningPage | Miner(0) | Trendyol sayfası taranıyor URL: https://www.trendyol.com//sr/boom-mikrofonu-y-s35835 
2024.04.01 19:18:59.216115 | INFO | Database | UrlCounted | Miner(0) | Kalan url sayısı: 66585
2024.04.01 19:18:59.447597 | INFO | Miner | TrendyolScanningPage | Miner(0) | Trendyol sayfası taranıyor URL: https://www.trendyol.com//nestle/professional-waffle-sos-10-kg-p-232216146 
2024.04.01 19:19:05.711599 | INFO | Database | UrlCounted | Miner(0) | Kalan url sayısı: 66608
2024.04.01 19:19:05.941482 | INFO | Miner | TrendyolScanningPage | Miner(0) | Trendyol sayfası taranıyor URL: https://www.trendyol.com//tyess/kiz-cocuk-siyah-tayt-23psstj4206-p-658262487 
2024.04.01 19:19:10.880057 | INFO | Database | UrlCounted | Miner(0) | Kalan url sayısı: 66634
2024.04.01 19:19:11.119251 | INFO | Miner | TrendyolScanningPage | Miner(0) | Trendyol sayfası taranıyor URL: https://www.trendyol.com//next-baby/bronz-kahve-sicak-astarli-bebek-ev-botu-p-774345074 
2024.04.01 19:19:15.753859 | INFO | Database | UrlCounted | Miner(0) | Kalan url sayısı: 66681
2024.04.01 19:19:15.985509 | INFO | Miner | TrendyolScanningPage | Miner(0) | Trendyol sayfası taranıyor URL: https://www.trendyol.com//old-spice/deo-stick-50-ml-booster-p-103756214 
2024.04.01 19:19:22.265951 | INFO | Database | UrlCounted | Miner(0) | Kalan url sayısı: 66717
2024.04.01 19:19:22.496133 | INFO | Miner | TrendyolScanningPage | Miner(0) | Trendyol sayfası taranıyor URL: https://www.trendyol.com//alfa-tshirt/captain-america-beyaz-tisort-p-52868034 
2024.04.01 19:19:26.760030 | INFO | Database | UrlCounted | Miner(0) | Kalan url sayısı: 66756
2024.04.01 19:19:26.990553 | INFO | Miner | TrendyolScanningPage | Miner(0) | Trendyol sayfası taranıyor URL: https://www.trendyol.com//risingmaber/4lu-yapiskanli-askilik-kapi-arkasi-bornoz-askiligi-mutfak-banyo-askiligi-havlu-askilik-p-732374537 
2024.04.01 19:19:31.811327 | INFO | Database | UrlCounted | Miner(0) | Kalan url sayısı: 66811
2024.04.01 19:19:32.041711 | INFO | Miner | TrendyolScanningPage | Miner(0) | Trendyol sayfası taranıyor URL: https://www.trendyol.com//arcelik/9197066572-turcovega-epa10-konik-filtre-6141-model-p-782776932 
2024.04.01 19:19:37.276748 | INFO | Database | UrlCounted | Miner(0) | Kalan url sayısı: 66834
2024.04.01 19:19:37.507628 | INFO | Miner | TrendyolScanningPage | Miner(0) | Trendyol sayfası taranıyor URL: https://www.trendyol.com//bargello/134-oriental-edp-50-ml-kadin-parfum-2-adet-2163540804134-p-87338850 
2024.04.01 19:19:42.367049 | INFO | Database | UrlCounted | Miner(0) | Kalan url sayısı: 66878
2024.04.01 19:19:42.600659 | INFO | Miner | TrendyolScanningPage | Miner(0) | Trendyol sayfası taranıyor URL: https://www.trendyol.com//limit-yayinlari/limit-5-sinif-turkce-konu-anlatim-foyleri-12-foy-p-137874407 
2024.04.01 19:19:47.591926 | INFO | Database | UrlCounted | Miner(0) | Kalan url sayısı: 66924
2024.04.01 19:19:47.822085 | INFO | Miner | TrendyolScanningPage | Miner(0) | Trendyol sayfası taranıyor URL: https://www.trendyol.com//beyaz-masa-x-r3-c1112 
2024.04.01 19:19:52.624415 | INFO | Database | UrlCounted | Miner(0) | Kalan url sayısı: 67016
2024.04.01 19:19:52.857128 | INFO | Miner | TrendyolScanningPage | Miner(0) | Trendyol sayfası taranıyor URL: https://www.trendyol.com//red-bull-enerji-icecegi-x-b109303-c104001 
2024.04.01 19:19:57.113277 | INFO | Database | UrlCounted | Miner(0) | Kalan url sayısı: 67063
2024.04.01 19:19:57.365663 | INFO | Miner | TrendyolScanningPage | Miner(0) | Trendyol sayfası taranıyor URL: https://www.trendyol.com//aurartstudio/dekoratif-el-yapimi-tablo-p-795025798 
2024.04.01 19:20:02.355089 | INFO | Database | UrlCounted | Miner(0) | Kalan url sayısı: 67155
2024.04.01 19:20:02.599708 | INFO | Miner | TrendyolScanningPage | Miner(0) | Trendyol sayfası taranıyor URL: https://www.trendyol.com//ziplama-topu-y-s11559 
2024.04.01 19:20:07.217914 | INFO | Database | UrlCounted | Miner(0) | Kalan url sayısı: 67200
2024.04.01 19:20:07.449801 | INFO | Miner | TrendyolScanningPage | Miner(0) | Trendyol sayfası taranıyor URL: https://www.trendyol.com//bycukurovafrango/jeans-kar-yikama-yuksek-bel-likrali-ispanyol-paca-on-yirtmacli-kadin-kot-pantolon-p-772160060 
2024.04.01 19:20:11.159912 | ERROR | Database | AddNotVisitedLinksIntegrityError | Miner(0) | Ziyaret edilmeyen siteler eklenemedi: Traceback (most recent call last):
  File "C:\Users\yusuf\AppData\Local\Programs\Python\Python311\Lib\site-packages\mysql\connector\connection_cext.py", line 661, in cmd_query
    self._cmysql.query(
_mysql_connector.MySQLInterfaceError: Duplicate entry '/modaf/kadin-siyah-yuksek-bel-pensli-kumas-pantolon-p-260251764' for key 'url'

The above exception was the direct cause of the following exception:

Traceback (most recent call last):
  File "C:\Users\yusuf\OneDrive\Belgeler\GitHub\TrendyolMap\miner.py", line 239, in AddNotVisitedLinks
    self.Database.ExecuteMany(addUrlQuey,[(url,) for url in newUrls])
  File "C:\Users\yusuf\OneDrive\Belgeler\GitHub\TrendyolMap\database.py", line 105, in ExecuteMany
    raise e
  File "C:\Users\yusuf\OneDrive\Belgeler\GitHub\TrendyolMap\database.py", line 93, in ExecuteMany
    self.cursor.executemany(cmd,*args,**kargs)
  File "C:\Users\yusuf\AppData\Local\Programs\Python\Python311\Lib\site-packages\mysql\connector\cursor_cext.py", line 501, in executemany
    return self.execute(stmt)
           ^^^^^^^^^^^^^^^^^^
  File "C:\Users\yusuf\AppData\Local\Programs\Python\Python311\Lib\site-packages\mysql\connector\cursor_cext.py", line 374, in execute
    result = self._cnx.cmd_query(
             ^^^^^^^^^^^^^^^^^^^^
  File "C:\Users\yusuf\AppData\Local\Programs\Python\Python311\Lib\site-packages\mysql\connector\opentelemetry\context_propagation.py", line 74, in wrapper
    return method(cnx, *args, **kwargs)
           ^^^^^^^^^^^^^^^^^^^^^^^^^^^^
  File "C:\Users\yusuf\AppData\Local\Programs\Python\Python311\Lib\site-packages\mysql\connector\connection_cext.py", line 669, in cmd_query
    raise get_mysql_exception(
mysql.connector.errors.IntegrityError: 1062 (23000): Duplicate entry '/modaf/kadin-siyah-yuksek-bel-pensli-kumas-pantolon-p-260251764' for key 'url'

2024.04.01 19:20:12.420489 | INFO | Database | UrlCounted | Miner(0) | Kalan url sayısı: 67248
2024.04.01 19:20:12.655820 | INFO | Miner | TrendyolScanningPage | Miner(0) | Trendyol sayfası taranıyor URL: https://www.trendyol.com//magaza/kutupayisi-outdoor-m-1522 
2024.04.01 19:20:16.472134 | INFO | Database | UrlCounted | Miner(0) | Kalan url sayısı: 67307
2024.04.01 19:20:16.696509 | INFO | Miner | TrendyolScanningPage | Miner(0) | Trendyol sayfası taranıyor URL: https://www.trendyol.com//ayak-isitici-y-s3542 
2024.04.01 19:20:21.656470 | INFO | Database | UrlCounted | Miner(0) | Kalan url sayısı: 67396
2024.04.01 19:20:21.884738 | INFO | Miner | TrendyolScanningPage | Miner(0) | Trendyol sayfası taranıyor URL: https://www.trendyol.com//rosyvien/vincent-van-gogh-yildizli-gece-starry-night-sanat-cam-tablo-ev-ofis-duvar-dekoru-hediyelik-temperli-p-754608236 
2024.04.01 19:20:27.054208 | INFO | Database | UrlCounted | Miner(0) | Kalan url sayısı: 67433
2024.04.01 19:20:27.287689 | INFO | Miner | TrendyolScanningPage | Miner(0) | Trendyol sayfası taranıyor URL: https://www.trendyol.com//kadin-kanguru-mont-y-s13498 
2024.04.01 19:20:31.762838 | INFO | Database | UrlCounted | Miner(0) | Kalan url sayısı: 67490
2024.04.01 19:20:31.990355 | INFO | Miner | TrendyolScanningPage | Miner(0) | Trendyol sayfası taranıyor URL: https://www.trendyol.com//mu-bah/ekstra-ortopedik-bambo-yayli-yatak-p-641082908 
2024.04.01 19:20:37.350127 | INFO | Database | UrlCounted | Miner(0) | Kalan url sayısı: 67517
2024.04.01 19:20:37.584010 | INFO | Miner | TrendyolScanningPage | Miner(0) | Trendyol sayfası taranıyor URL: https://www.trendyol.com//mahbuba/kahve-kremasi-beyazlatici-sut-tozu-500gr-poset-p-80953266 
2024.04.01 19:20:43.035766 | INFO | Database | UrlCounted | Miner(0) | Kalan url sayısı: 67615
2024.04.01 19:20:43.261368 | INFO | Miner | TrendyolScanningPage | Miner(0) | Trendyol sayfası taranıyor URL: https://www.trendyol.com//kablosuz-epilasyon-aleti-y-s33938 
2024.04.01 19:20:47.943168 | INFO | Database | UrlCounted | Miner(0) | Kalan url sayısı: 67665
2024.04.01 19:20:48.170408 | INFO | Miner | TrendyolScanningPage | Miner(0) | Trendyol sayfası taranıyor URL: https://www.trendyol.com//vestel-buzdolabi-x-b102900-c103623 
2024.04.01 19:20:52.184467 | INFO | Database | UrlCounted | Miner(0) | Kalan url sayısı: 67691
2024.04.01 19:20:52.411492 | INFO | Miner | TrendyolScanningPage | Miner(0) | Trendyol sayfası taranıyor URL: https://www.trendyol.com//mahbuba-x-b148625 
2024.04.01 19:20:56.989042 | INFO | Database | UrlCounted | Miner(0) | Kalan url sayısı: 67766
2024.04.01 19:20:57.217017 | INFO | Miner | TrendyolScanningPage | Miner(0) | Trendyol sayfası taranıyor URL: https://www.trendyol.com//yosun-tozu-y-s39965 
2024.04.01 19:21:01.219774 | INFO | Database | UrlCounted | Miner(0) | Kalan url sayısı: 67824
2024.04.01 19:21:01.446658 | INFO | Miner | TrendyolScanningPage | Miner(0) | Trendyol sayfası taranıyor URL: https://www.trendyol.com//miron/beyaz-pike-dokulu-nakis-detayli-regular-fit-kolej-ceket-p-781936934 
2024.04.01 19:21:06.286788 | INFO | Database | UrlCounted | Miner(0) | Kalan url sayısı: 67881
2024.04.01 19:21:06.505675 | INFO | Miner | TrendyolScanningPage | Miner(0) | Trendyol sayfası taranıyor URL: https://www.trendyol.com//red-bull/redbull-enerji-icecegi-250-ml-original-x-12-adet-p-215798043 
2024.04.01 19:21:14.820729 | INFO | Database | UrlCounted | Miner(0) | Kalan url sayısı: 67925
2024.04.01 19:21:15.050085 | INFO | Miner | TrendyolScanningPage | Miner(0) | Trendyol sayfası taranıyor URL: https://www.trendyol.com//baby-center/s95941-organic-bebek-kulotlu-corap-p-1141246 
